// Jest Snapshot v1, https://goo.gl/fbAQLP

exports[`Button renders correctly 1`] = `
<button
  onClick={[Function]}
/>
`;

exports[`MyComponent renders correctly 1`] = `
<button
  onClick={[Function]}
/>
`;
