// Jest Snapshot v1, https://goo.gl/fbAQLP

exports[`Displayer renders correctly 1`] = `null`;
